// Jest Snapshot v1, https://goo.gl/fbAQLP

exports[`SearchResult Should render correctly 1`] = `
Array [
  <div
    className="mt-10"
  >
    <h1
      className="font-bold text-5xl text-center"
    >
      Search result with 
      <span
        className="text-purple-500"
      />
      .
    </h1>
  </div>,
  <div
    className="pt-10 flex md:flex-col"
  >
    <div
      className=" w-1/4 xl:w-max md:w-full"
    >
      <div
        className="bg-gray-900 w-80 rounded-xl ml-auto mr-auto flex flex-col mt-10 md:w-3/4 md:mt-5 xl:ml-5 md:ml-auto"
      >
        <div
          className="p-3"
        >
          <div
            className="m-2"
          >
            <h1
              className="text-3xl font-bold pl-3 text-white border-b-white border-b-3 pb-2 "
            >
              Filter by :
            </h1>
          </div>
        </div>
        <div
          className="p-3 flex flex-col"
        >
          <div
            className=" m-2 text-white border-white border-3  rounded-lg "
          >
            <h1
              className="text-2xl font-bold pl-3 text-white2 m-2 "
            >
              Name
            </h1>
            <div
              className="border-t-white border-t-2 flex  gap-3 p-3 flex-col"
            >
              <div
                className="flex items-center gap-3"
              >
                <input
                  className="appearance-none ml-2 h-5 w-5 bg-white rounded-md checked:border-2 checked:border-purple-500 checked:bg-check checked:bg-purple-500 "
                  type="checkbox"
                />
                <span
                  className="flex items-center gap-2 text-xl"
                >
                  Order 
                  <svg
                    fill="currentColor"
                    height="1em"
                    stroke="currentColor"
                    strokeWidth="0"
                    style={
                      Object {
                        "color": undefined,
                      }
                    }
                    viewBox="0 0 448 512"
                    width="1em"
                    xmlns="http://www.w3.org/2000/svg"
                  >
                    <path
                      d="M34.9 289.5l-22.2-22.2c-9.4-9.4-9.4-24.6 0-33.9L207 39c9.4-9.4 24.6-9.4 33.9 0l194.3 194.3c9.4 9.4 9.4 24.6 0 33.9L413 289.4c-9.5 9.5-25 9.3-34.3-.4L264 168.6V456c0 13.3-10.7 24-24 24h-32c-13.3 0-24-10.7-24-24V168.6L69.2 289.1c-9.3 9.8-24.8 10-34.3.4z"
                    />
                  </svg>
                </span>
              </div>
              <div
                className="flex items-center gap-3"
              >
                <input
                  className="appearance-none ml-2 h-5 w-5 bg-white rounded-md checked:border-2 checked:border-purple-500 checked:bg-check checked:bg-purple-500 "
                  type="checkbox"
                />
                <span
                  className="flex items-center gap-2 text-xl"
                >
                  Order 
                  <svg
                    fill="currentColor"
                    height="1em"
                    stroke="currentColor"
                    strokeWidth="0"
                    style={
                      Object {
                        "color": undefined,
                      }
                    }
                    viewBox="0 0 448 512"
                    width="1em"
                    xmlns="http://www.w3.org/2000/svg"
                  >
                    <path
                      d="M413.1 222.5l22.2 22.2c9.4 9.4 9.4 24.6 0 33.9L241 473c-9.4 9.4-24.6 9.4-33.9 0L12.7 278.6c-9.4-9.4-9.4-24.6 0-33.9l22.2-22.2c9.5-9.5 25-9.3 34.3.4L184 343.4V56c0-13.3 10.7-24 24-24h32c13.3 0 24 10.7 24 24v287.4l114.8-120.5c9.3-9.8 24.8-10 34.3-.4z"
                    />
                  </svg>
                </span>
              </div>
            </div>
          </div>
          <div
            className=" m-2 text-white border-white border-3  rounded-lg "
          >
            <h1
              className="text-2xl font-bold pl-3 text-white2 m-2 "
            >
              Comodities
            </h1>
            <div
              className="border-t-white border-t-2 flex  gap-3 p-3 flex-col overflow-y-auto h-32 scrollbar-thin scrollbar-thumb-purple-500 scrollbar-track-gray-100"
            >
              <div
                className="flex items-center gap-3"
              >
                <input
                  className="appearance-none ml-2 h-5 w-5 bg-white rounded-md checked:border-2 checked:border-purple-500 checked:bg-check checked:bg-purple-500 "
                  type="checkbox"
                />
                <span
                  className="flex items-center gap-2 text-xl"
                >
                  Order 
                </span>
              </div>
              <div
                className="flex items-center gap-3"
              >
                <input
                  className="appearance-none ml-2 h-5 w-5 bg-white rounded-md checked:border-2 checked:border-purple-500 checked:bg-check checked:bg-purple-500 "
                  type="checkbox"
                />
                <span
                  className="flex items-center gap-2 text-xl"
                >
                  Order 
                </span>
              </div>
              <div
                className="flex items-center gap-3"
              >
                <input
                  className="appearance-none ml-2 h-5 w-5 bg-white rounded-md checked:border-2 checked:border-purple-500 checked:bg-check checked:bg-purple-500 "
                  type="checkbox"
                />
                <span
                  className="flex items-center gap-2 text-xl"
                >
                  Order 
                </span>
              </div>
              <div
                className="flex items-center gap-3"
              >
                <input
                  className="appearance-none ml-2 h-5 w-5 bg-white rounded-md checked:border-2 checked:border-purple-500 checked:bg-check checked:bg-purple-500 "
                  type="checkbox"
                />
                <span
                  className="flex items-center gap-2 text-xl"
                >
                  Order 
                </span>
              </div>
              <div
                className="flex items-center gap-3"
              >
                <input
                  className="appearance-none ml-2 h-5 w-5 bg-white rounded-md checked:border-2 checked:border-purple-500 checked:bg-check checked:bg-purple-500 "
                  type="checkbox"
                />
                <span
                  className="flex items-center gap-2 text-xl"
                >
                  Order
                </span>
              </div>
            </div>
          </div>
          <div
            className=" m-2 text-white border-white border-3  rounded-lg "
          >
            <h1
              className="text-2xl font-bold pl-3 text-white2 m-2 "
            >
              Languages
            </h1>
            <div
              className="border-t-white border-t-2 flex  gap-3 p-3 flex-col overflow-y-auto h-32 scrollbar-thin scrollbar-thumb-purple-500 scrollbar-track-gray-100"
            >
              <div
                className="flex items-center gap-3"
              >
                <input
                  className="appearance-none ml-2 h-5 w-5 bg-white rounded-md checked:border-2 checked:border-purple-500 checked:bg-check checked:bg-purple-500 "
                  type="checkbox"
                />
                <span
                  className="flex items-center gap-2 text-xl"
                >
                  Order 
                </span>
              </div>
              <div
                className="flex items-center gap-3"
              >
                <input
                  className="appearance-none ml-2 h-5 w-5 bg-white rounded-md checked:border-2 checked:border-purple-500 checked:bg-check checked:bg-purple-500 "
                  type="checkbox"
                />
                <span
                  className="flex items-center gap-2 text-xl"
                >
                  Order 
                </span>
              </div>
              <div
                className="flex items-center gap-3"
              >
                <input
                  className="appearance-none ml-2 h-5 w-5 bg-white rounded-md checked:border-2 checked:border-purple-500 checked:bg-check checked:bg-purple-500 "
                  type="checkbox"
                />
                <span
                  className="flex items-center gap-2 text-xl"
                >
                  Order 
                </span>
              </div>
              <div
                className="flex items-center gap-3"
              >
                <input
                  className="appearance-none ml-2 h-5 w-5 bg-white rounded-md checked:border-2 checked:border-purple-500 checked:bg-check checked:bg-purple-500 "
                  type="checkbox"
                />
                <span
                  className="flex items-center gap-2 text-xl"
                >
                  Order 
                </span>
              </div>
              <div
                className="flex items-center gap-3"
              >
                <input
                  className="appearance-none ml-2 h-5 w-5 bg-white rounded-md checked:border-2 checked:border-purple-500 checked:bg-check checked:bg-purple-500 "
                  type="checkbox"
                />
                <span
                  className="flex items-center gap-2 text-xl"
                >
                  Order
                </span>
              </div>
            </div>
          </div>
          <div
            className=" m-2 text-white border-white border-3  rounded-lg "
          >
            <h1
              className="text-2xl font-bold pl-3 text-white2 m-2 "
            >
              Rating
            </h1>
            <div
              className="border-t-white border-t-2 flex  gap-3 p-3 flex-col overflow-y-auto h-32 scrollbar-thin scrollbar-thumb-purple-500 scrollbar-track-gray-100"
            >
              <div
                className="flex items-center gap-3"
              >
                <input
                  className="appearance-none ml-2 h-5 w-5 bg-white rounded-md checked:border-2 checked:border-purple-500 checked:bg-check checked:bg-purple-500 "
                  type="checkbox"
                />
                <span
                  className="flex items-center gap-2 text-xl"
                >
                  Order 
                </span>
              </div>
              <div
                className="flex items-center gap-3"
              >
                <input
                  className="appearance-none ml-2 h-5 w-5 bg-white rounded-md checked:border-2 checked:border-purple-500 checked:bg-check checked:bg-purple-500 "
                  type="checkbox"
                />
                <span
                  className="flex items-center gap-2 text-xl"
                >
                  Order 
                </span>
              </div>
              <div
                className="flex items-center gap-3"
              >
                <input
                  className="appearance-none ml-2 h-5 w-5 bg-white rounded-md checked:border-2 checked:border-purple-500 checked:bg-check checked:bg-purple-500 "
                  type="checkbox"
                />
                <span
                  className="flex items-center gap-2 text-xl"
                >
                  Order 
                </span>
              </div>
              <div
                className="flex items-center gap-3"
              >
                <input
                  className="appearance-none ml-2 h-5 w-5 bg-white rounded-md checked:border-2 checked:border-purple-500 checked:bg-check checked:bg-purple-500 "
                  type="checkbox"
                />
                <span
                  className="flex items-center gap-2 text-xl"
                >
                  Order 
                </span>
              </div>
              <div
                className="flex items-center gap-3"
              >
                <input
                  className="appearance-none ml-2 h-5 w-5 bg-white rounded-md checked:border-2 checked:border-purple-500 checked:bg-check checked:bg-purple-500 "
                  type="checkbox"
                />
                <span
                  className="flex items-center gap-2 text-xl"
                >
                  Order
                </span>
              </div>
            </div>
          </div>
        </div>
      </div>
    </div>
    <div
      className=" w-3/4 md:w-full"
    >
      <div>
        <h1
          className=" text-4xl font-bold p-3"
        >
          No hotel with that name
        </h1>
      </div>
    </div>
  </div>,
]
`;
